IQ-TREE version 3.0.1 for MacOS ARM 64-bit built May  5 2025
Developed by Bui Quang Minh, Thomas Wong, Nhan Ly-Trong, Huaiyan Ren
Contributed by Lam-Tung Nguyen, Dominik Schrempf, Chris Bielow,
Olga Chernomor, Michael Woodhams, Diep Thi Hoang, Heiko Schmidt

Host:    cecs-083856 (SSE4.2, 18 GB RAM)
Command: /Users/u7826985/Projects/Nvidia/data/scripts/iqtree3 --alisim alignment_30000.phy -m JC -t tree_1.full.treefile --length 30000 --seqtype DNA -redo
Seed:    828083 (Using SPRNG - Scalable Parallel Random Number Generator)
Time:    Thu Jan 29 12:49:26 2026
Kernel:  SSE2 - 1 threads (11 CPU cores detected)

[Alignment Simulator] Executing
 - Tree filepath: tree_1.full.treefile
 - Length of output sequences: 30000
 - Model: JC
 - Number of output datasets: 1
 - Number of threads: 1
SUBSTITUTION PROCESS
--------------------

Model of substitution: JC

Rate parameter R:

  A-C: 1.000
  A-G: 1.000
  A-T: 1.000
  C-G: 1.000
  C-T: 1.000
  G-T: 1.000

State frequencies: (equal frequencies)

Rate matrix Q:

  A        -1     0.333     0.333     0.333
  C     0.333        -1     0.333     0.333
  G     0.333     0.333        -1     0.333
  T     0.333     0.333     0.333        -1

Model of rate heterogeneity: Uniform

An alignment written to alignment_30000.phy.phy
Screen log file: tree_1.full.treefile.log
[Alignment Simulator] Done
Simulation CPU time: 3.114 sec (0h:0m:3s)
Simulation wall-clock time: 3.351 sec (0h:0m:3s)

Date and Time: Thu Jan 29 12:49:30 2026
